
Allocating common symbols
Common symbol       size              file

idt_ptr             0x6               kernel/global.o
inode_table         0xb00             kernel/global.o
task_stack          0x38000           kernel/global.o
k_reenter           0x4               kernel/global.o
gdt                 0x400             kernel/global.o
current_console     0x4               kernel/global.o
pcaller             0x4               kernel/global.o
tty_table           0xc6c             kernel/global.o
tss                 0x68              kernel/global.o
fs_msg              0x30              kernel/global.o
f_desc_table        0x300             kernel/global.o
root_inode          0x4               kernel/global.o
disp_pos            0x4               kernel/global.o
key_pressed         0x4               kernel/global.o
gdt_ptr             0x6               kernel/global.o
idt                 0x800             kernel/global.o
super_block         0x1e0             kernel/global.o
PARTITION_ENTRY     0x10              kernel/hd.o
ticks               0x4               kernel/global.o
console_table       0x3c              kernel/global.o
irq_table           0x40              kernel/global.o
p_proc_ready        0x4               kernel/global.o
proc_table          0xafe             kernel/global.o

Discarded input sections

 .note.GNU-stack
                0x0000000000000000        0x0 kernel/start.o
 .note.GNU-stack
                0x0000000000000000        0x0 kernel/main.o
 .note.GNU-stack
                0x0000000000000000        0x0 kernel/clock.o
 .note.GNU-stack
                0x0000000000000000        0x0 kernel/keyboard.o
 .note.GNU-stack
                0x0000000000000000        0x0 kernel/tty.o
 .note.GNU-stack
                0x0000000000000000        0x0 kernel/console.o
 .note.GNU-stack
                0x0000000000000000        0x0 kernel/i8259.o
 .note.GNU-stack
                0x0000000000000000        0x0 kernel/global.o
 .note.GNU-stack
                0x0000000000000000        0x0 kernel/protect.o
 .note.GNU-stack
                0x0000000000000000        0x0 kernel/proc.o
 .note.GNU-stack
                0x0000000000000000        0x0 kernel/systask.o
 .note.GNU-stack
                0x0000000000000000        0x0 kernel/hd.o
 .note.GNU-stack
                0x0000000000000000        0x0 lib/printf.o
 .note.GNU-stack
                0x0000000000000000        0x0 lib/vsprintf.o
 .note.GNU-stack
                0x0000000000000000        0x0 lib/klib.o
 .note.GNU-stack
                0x0000000000000000        0x0 lib/misc.o
 .note.GNU-stack
                0x0000000000000000        0x0 lib/open.o
 .note.GNU-stack
                0x0000000000000000        0x0 lib/read.o
 .note.GNU-stack
                0x0000000000000000        0x0 lib/write.o
 .note.GNU-stack
                0x0000000000000000        0x0 lib/close.o
 .note.GNU-stack
                0x0000000000000000        0x0 lib/unlink.o
 .note.GNU-stack
                0x0000000000000000        0x0 lib/getpid.o
 .note.GNU-stack
                0x0000000000000000        0x0 lib/syslog.o
 .note.GNU-stack
                0x0000000000000000        0x0 fs/main.o
 .note.GNU-stack
                0x0000000000000000        0x0 fs/open.o
 .note.GNU-stack
                0x0000000000000000        0x0 fs/misc.o
 .note.GNU-stack
                0x0000000000000000        0x0 fs/read_write.o
 .note.GNU-stack
                0x0000000000000000        0x0 fs/link.o
 .note.GNU-stack
                0x0000000000000000        0x0 fs/disklog.o

Memory Configuration

Name             Origin             Length             Attributes
*default*        0x0000000000000000 0xffffffffffffffff

Linker script and memory map

Address of section .text set to 0x1000
LOAD kernel/kernel.o
LOAD lib/syscall.o
LOAD kernel/start.o
LOAD kernel/main.o
LOAD kernel/clock.o
LOAD kernel/keyboard.o
LOAD kernel/tty.o
LOAD kernel/console.o
LOAD kernel/i8259.o
LOAD kernel/global.o
LOAD kernel/protect.o
LOAD kernel/proc.o
LOAD kernel/systask.o
LOAD kernel/hd.o
LOAD lib/printf.o
LOAD lib/vsprintf.o
LOAD lib/kliba.o
LOAD lib/klib.o
LOAD lib/string.o
LOAD lib/misc.o
LOAD lib/open.o
LOAD lib/read.o
LOAD lib/write.o
LOAD lib/close.o
LOAD lib/unlink.o
LOAD lib/getpid.o
LOAD lib/syslog.o
LOAD fs/main.o
LOAD fs/open.o
LOAD fs/misc.o
LOAD fs/read_write.o
LOAD fs/link.o
LOAD fs/disklog.o
                0x0000000008048000                PROVIDE (__executable_start, 0x8048000)
                0x0000000008048094                . = (0x8048000 + SIZEOF_HEADERS)

.interp
 *(.interp)

.note.gnu.build-id
 *(.note.gnu.build-id)

.hash
 *(.hash)

.gnu.hash
 *(.gnu.hash)

.dynsym
 *(.dynsym)

.dynstr
 *(.dynstr)

.gnu.version
 *(.gnu.version)

.gnu.version_d
 *(.gnu.version_d)

.gnu.version_r
 *(.gnu.version_r)

.rel.dyn        0x0000000008048094        0x0
 *(.rel.init)
 *(.rel.text .rel.text.* .rel.gnu.linkonce.t.*)
 .rel.text      0x0000000000000000        0x0 kernel/kernel.o
 *(.rel.fini)
 *(.rel.rodata .rel.rodata.* .rel.gnu.linkonce.r.*)
 *(.rel.data.rel.ro .rel.data.rel.ro.* .rel.gnu.linkonce.d.rel.ro.*)
 *(.rel.data .rel.data.* .rel.gnu.linkonce.d.*)
 .rel.data      0x0000000000000000        0x0 kernel/kernel.o
 *(.rel.tdata .rel.tdata.* .rel.gnu.linkonce.td.*)
 *(.rel.tbss .rel.tbss.* .rel.gnu.linkonce.tb.*)
 *(.rel.ctors)
 *(.rel.dtors)
 *(.rel.got)
 *(.rel.bss .rel.bss.* .rel.gnu.linkonce.b.*)
 *(.rel.ifunc)

.rel.plt        0x0000000008048094        0x0
 *(.rel.plt)
                0x0000000008048094                PROVIDE (__rel_iplt_start, .)
 *(.rel.iplt)
 .rel.iplt      0x0000000000000000        0x0 kernel/kernel.o
                0x0000000008048094                PROVIDE (__rel_iplt_end, .)

.init
 *(SORT(.init))

.plt            0x00000000080480a0        0x0
 *(.plt)
 *(.iplt)
 .iplt          0x0000000000000000        0x0 kernel/kernel.o

.text           0x0000000000001000     0xc3b0
 *(.text.unlikely .text.*_unlikely .text.unlikely.*)
 *(.text.exit .text.exit.*)
 *(.text.startup .text.startup.*)
 *(.text.hot .text.hot.*)
 *(.text .stub .text.* .gnu.linkonce.t.*)
 .text          0x0000000000001000      0x410 kernel/kernel.o
                0x0000000000001000                _start
                0x0000000000001040                hwint00
                0x0000000000001070                hwint01
                0x00000000000010a0                hwint02
                0x00000000000010d0                hwint03
                0x0000000000001100                hwint04
                0x0000000000001130                hwint05
                0x0000000000001160                hwint06
                0x0000000000001190                hwint07
                0x00000000000011c0                hwint08
                0x00000000000011f0                hwint09
                0x0000000000001220                hwint10
                0x0000000000001250                hwint11
                0x0000000000001280                hwint12
                0x00000000000012b0                hwint13
                0x00000000000012e0                hwint14
                0x0000000000001310                hwint15
                0x0000000000001334                divide_error
                0x000000000000133a                single_step_exception
                0x0000000000001340                nmi
                0x0000000000001346                breakpoint_exception
                0x000000000000134c                overflow
                0x0000000000001352                bounds_check
                0x0000000000001358                inval_opcode
                0x000000000000135e                copr_not_available
                0x0000000000001364                double_fault
                0x0000000000001368                copr_seg_overrun
                0x000000000000136e                inval_tss
                0x0000000000001372                segment_not_present
                0x0000000000001376                stack_exception
                0x000000000000137a                general_protection
                0x000000000000137e                page_fault
                0x0000000000001382                copr_error
                0x00000000000013cb                sys_call
                0x00000000000013eb                restart
 .text          0x0000000000001410       0x28 lib/syscall.o
                0x0000000000001410                sendrec
                0x000000000000142a                printx
 .text          0x0000000000001438       0x8e kernel/start.o
                0x0000000000001438                cstart
 .text          0x00000000000014c6     0x299c kernel/main.o
                0x00000000000014c6                kernel_main
                0x0000000000001743                get_ticks
                0x000000000000177b                TestA
                0x0000000000001e23                TestB
                0x0000000000001f4d                TestC
                0x0000000000001f61                TestD
                0x0000000000001f75                clear
                0x0000000000001fdc                help
                0x00000000000020a4                TextBook
                0x000000000000221d                Add
                0x00000000000022d6                NewFile
                0x00000000000023b2                RemoveFile
                0x0000000000002459                WriteFile
                0x00000000000025e5                ReadFile
                0x000000000000270d                ProcessManage
                0x00000000000027a6                enterChsman
                0x00000000000027fc                enterChsman2
                0x0000000000002852                input
                0x00000000000029dc                input2
                0x0000000000002aa4                judge
                0x0000000000002f8d                dsply
                0x000000000000308d                chkWin
                0x0000000000003221                chkPeace
                0x0000000000003289                chess
                0x0000000000003399                testNum
                0x0000000000003409                addTwoChar
                0x0000000000003439                testLegel
                0x0000000000003496                getAns
                0x00000000000036d9                panic
                0x0000000000003729                number
                0x0000000000003db8                welcome
 .text          0x0000000000003e62      0x115 kernel/clock.o
                0x0000000000003e62                clock_handler
                0x0000000000003eda                milli_delay
                0x0000000000003f13                init_clock
 .text          0x0000000000003f77      0x6cf kernel/keyboard.o
                0x0000000000003f77                keyboard_handler
                0x0000000000003fdd                init_keyboard
                0x000000000000408c                keyboard_read
 .text          0x0000000000004646      0x9d2 kernel/tty.o
                0x0000000000004646                task_tty
                0x00000000000047fa                in_process
                0x0000000000004d20                sys_printx
                0x0000000000004ec1                dump_tty_buf
 .text          0x0000000000005018      0x7e1 kernel/console.o
                0x0000000000005018                init_screen
                0x0000000000005189                out_char
                0x0000000000005446                clear_screen
                0x000000000000547f                is_current_console
                0x0000000000005574                select_console
                0x00000000000055af                scroll_screen
 .text          0x00000000000057f9      0x13c kernel/i8259.o
                0x00000000000057f9                init_8259A
                0x00000000000058ea                spurious_irq
                0x0000000000005915                put_irq_handler
 .text          0x0000000000005935        0x0 kernel/global.o
 .text          0x0000000000005935      0x7e9 kernel/protect.o
                0x0000000000005935                init_prot
                0x0000000000005f36                seg2phys
                0x0000000000005ff1                exception_handler
 .text          0x000000000000611e     0x1999 kernel/proc.o
                0x000000000000611e                schedule
                0x00000000000061a9                sys_sendrec
                0x0000000000006307                send_recv
                0x00000000000063e7                ldt_seg_linear
                0x0000000000006431                va2la
                0x00000000000064a0                reset_msg
                0x0000000000007443                inform_int
                0x00000000000075d9                dump_proc
                0x0000000000007970                dump_msg
 .text          0x0000000000007ab7       0x95 kernel/systask.o
                0x0000000000007ab7                task_sys
 .text          0x0000000000007b4c      0xe9e kernel/hd.o
                0x0000000000007b4c                task_hd
                0x00000000000089c5                hd_handler
 .text          0x00000000000089ea       0xc0 lib/printf.o
                0x00000000000089ea                printf
                0x0000000000008a69                printl
 .text          0x0000000000008aaa      0x318 lib/vsprintf.o
                0x0000000000008b0d                vsprintf
                0x0000000000008d98                sprintf
 *fill*         0x0000000000008dc2        0xe 
 .text          0x0000000000008dd0      0x19a lib/kliba.o
                0x0000000000008dd0                disp_str
                0x0000000000008e0e                disp_color_str
                0x0000000000008e4d                out_byte
                0x0000000000008e59                in_byte
                0x0000000000008e63                port_read
                0x0000000000008e76                port_write
                0x0000000000008e89                disable_irq
                0x0000000000008ebe                enable_irq
                0x0000000000008edd                disable_int
                0x0000000000008edf                enable_int
                0x0000000000008ee1                glitter
 .text          0x0000000000008f6a      0x116 lib/klib.o
                0x0000000000008f6a                itoa
                0x0000000000009015                disp_int
                0x000000000000903a                delay
 .text          0x0000000000009080       0x78 lib/string.o
                0x0000000000009080                memcpy
                0x00000000000090a9                memset
                0x00000000000090ca                strcpy
                0x00000000000090e2                strlen
 .text          0x00000000000090f8      0x1a8 lib/misc.o
                0x00000000000090f8                memcmp
                0x000000000000916e                strcmp
                0x00000000000091e0                strcat
                0x000000000000923f                spin
                0x000000000000925a                assertion_failure
 .text          0x00000000000092a0       0x73 lib/open.o
                0x00000000000092a0                open
 .text          0x0000000000009313       0x3f lib/read.o
                0x0000000000009313                read
 .text          0x0000000000009352       0x3f lib/write.o
                0x0000000000009352                write
 .text          0x0000000000009391       0x33 lib/close.o
                0x0000000000009391                close
 .text          0x00000000000093c4       0x41 lib/unlink.o
                0x00000000000093c4                unlink
 .text          0x0000000000009405       0x59 lib/getpid.o
                0x0000000000009405                getpid
 .text          0x000000000000945e       0xdb lib/syslog.o
                0x000000000000945e                syslog
 .text          0x0000000000009539      0xe5d fs/main.o
                0x0000000000009539                task_fs
                0x0000000000009e44                rw_sector
                0x000000000000a080                get_super_block
                0x000000000000a0c6                get_inode
                0x000000000000a234                put_inode
                0x000000000000a279                sync_inode
 .text          0x000000000000a396      0xb4d fs/open.o
                0x000000000000a396                do_open
                0x000000000000a834                do_close
                0x000000000000a88c                do_lseek
 .text          0x000000000000aee3      0x205 fs/misc.o
                0x000000000000aee3                search_file
                0x000000000000b05c                strip_path
 .text          0x000000000000b0e8      0x522 fs/read_write.o
                0x000000000000b0e8                do_rdwt
 .text          0x000000000000b60a      0x8f6 fs/link.o
                0x000000000000b60a                do_unlink
 .text          0x000000000000bf00     0x14b0 fs/disklog.o
                0x000000000000bf00                do_disklog
                0x000000000000bfab                disklog
                0x000000000000c555                dump_fd_graph
 *(.gnu.warning)

.fini
 *(SORT(.fini))
                0x000000000000d3b0                PROVIDE (__etext, .)
                0x000000000000d3b0                PROVIDE (_etext, .)
                0x000000000000d3b0                PROVIDE (etext, .)

.rodata         0x000000000000d3c0     0x33eb
 *(.rodata .rodata.* .gnu.linkonce.r.*)
 .rodata        0x000000000000d3c0       0x47 kernel/start.o
 *fill*         0x000000000000d407        0x1 
 .rodata        0x000000000000d408     0x16f7 kernel/main.o
 *fill*         0x000000000000eaff        0x1 
 .rodata        0x000000000000eb00       0x64 kernel/keyboard.o
 .rodata        0x000000000000eb64      0x13c kernel/tty.o
 .rodata        0x000000000000eca0       0x5b kernel/console.o
 .rodata        0x000000000000ecfb       0x11 kernel/i8259.o
 .rodata        0x000000000000ed0c        0x4 kernel/global.o
                0x000000000000ed0c                FSBUF_SIZE
 *fill*         0x000000000000ed10       0x10 
 .rodata        0x000000000000ed20      0x540 kernel/protect.o
 .rodata        0x000000000000f260      0x62e kernel/proc.o
 .rodata        0x000000000000f88e       0x11 kernel/systask.o
 *fill*         0x000000000000f89f        0x1 
 .rodata        0x000000000000f8a0      0x1ba kernel/hd.o
 .rodata        0x000000000000fa5a       0x14 lib/printf.o
 *fill*         0x000000000000fa6e        0x2 
 .rodata        0x000000000000fa70       0x61 lib/misc.o
 .rodata        0x000000000000fad1       0x23 lib/open.o
 .rodata        0x000000000000faf4       0x25 lib/getpid.o
 .rodata        0x000000000000fb19       0x32 lib/syslog.o
 *fill*         0x000000000000fb4b        0x1 
 .rodata        0x000000000000fb4c      0x1fa fs/main.o
 *fill*         0x000000000000fd46        0x2 
 .rodata        0x000000000000fd48      0x138 fs/open.o
 .rodata        0x000000000000fe80      0x164 fs/read_write.o
 .rodata        0x000000000000ffe4      0x19d fs/link.o
 *fill*         0x0000000000010181        0x3 
 .rodata        0x0000000000010184      0x627 fs/disklog.o

.rodata1
 *(.rodata1)

.eh_frame_hdr
 *(.eh_frame_hdr)

.eh_frame       0x00000000000107ac     0x1358
 *(.eh_frame)
 .eh_frame      0x00000000000107ac       0x38 kernel/start.o
 .eh_frame      0x00000000000107e4      0x440 kernel/main.o
                                        0x458 (size before relaxing)
 .eh_frame      0x0000000000010c24       0x60 kernel/clock.o
                                         0x78 (size before relaxing)
 .eh_frame      0x0000000000010c84       0xe0 kernel/keyboard.o
                                         0xf8 (size before relaxing)
 .eh_frame      0x0000000000010d64      0x13c kernel/tty.o
                                        0x154 (size before relaxing)
 .eh_frame      0x0000000000010ea0      0x148 kernel/console.o
                                        0x160 (size before relaxing)
 .eh_frame      0x0000000000010fe8       0x60 kernel/i8259.o
                                         0x78 (size before relaxing)
 .eh_frame      0x0000000000011048       0xb0 kernel/protect.o
                                         0xc8 (size before relaxing)
 .eh_frame      0x00000000000110f8      0x1e0 kernel/proc.o
                                        0x1f8 (size before relaxing)
 .eh_frame      0x00000000000112d8       0x1c kernel/systask.o
                                         0x34 (size before relaxing)
 .eh_frame      0x00000000000112f4      0x210 kernel/hd.o
                                        0x228 (size before relaxing)
 .eh_frame      0x0000000000011504       0x40 lib/printf.o
                                         0x58 (size before relaxing)
 .eh_frame      0x0000000000011544       0x68 lib/vsprintf.o
                                         0x80 (size before relaxing)
 .eh_frame      0x00000000000115ac       0x60 lib/klib.o
                                         0x78 (size before relaxing)
 .eh_frame      0x000000000001160c       0x9c lib/misc.o
                                         0xb4 (size before relaxing)
 .eh_frame      0x00000000000116a8       0x20 lib/open.o
                                         0x38 (size before relaxing)
 .eh_frame      0x00000000000116c8       0x20 lib/read.o
                                         0x38 (size before relaxing)
 .eh_frame      0x00000000000116e8       0x20 lib/write.o
                                         0x38 (size before relaxing)
 .eh_frame      0x0000000000011708       0x20 lib/close.o
                                         0x38 (size before relaxing)
 .eh_frame      0x0000000000011728       0x20 lib/unlink.o
                                         0x38 (size before relaxing)
 .eh_frame      0x0000000000011748       0x20 lib/getpid.o
                                         0x38 (size before relaxing)
 .eh_frame      0x0000000000011768       0x20 lib/syslog.o
                                         0x38 (size before relaxing)
 .eh_frame      0x0000000000011788      0x134 fs/main.o
                                        0x14c (size before relaxing)
 .eh_frame      0x00000000000118bc      0x128 fs/open.o
                                        0x140 (size before relaxing)
 .eh_frame      0x00000000000119e4       0x48 fs/misc.o
                                         0x60 (size before relaxing)
 .eh_frame      0x0000000000011a2c       0x2c fs/read_write.o
                                         0x44 (size before relaxing)
 .eh_frame      0x0000000000011a58       0x2c fs/link.o
                                         0x44 (size before relaxing)
 .eh_frame      0x0000000000011a84       0x80 fs/disklog.o
                                         0x98 (size before relaxing)

.gcc_except_table
 *(.gcc_except_table .gcc_except_table.*)

.exception_ranges
 *(.exception_ranges .exception_ranges*)
                0x0000000000011b04                . = (ALIGN (0x1000) - ((0x1000 - .) & 0xfff))
                0x0000000000012000                . = DATA_SEGMENT_ALIGN (0x1000, 0x1000)

.eh_frame
 *(.eh_frame)

.gcc_except_table
 *(.gcc_except_table .gcc_except_table.*)

.exception_ranges
 *(.exception_ranges .exception_ranges*)

.tdata
 *(.tdata .tdata.* .gnu.linkonce.td.*)

.tbss
 *(.tbss .tbss.* .gnu.linkonce.tb.*)
 *(.tcommon)

.preinit_array  0x0000000000012000        0x0
                0x0000000000012000                PROVIDE (__preinit_array_start, .)
 *(.preinit_array)
                0x0000000000012000                PROVIDE (__preinit_array_end, .)

.init_array     0x0000000000012000        0x0
                0x0000000000012000                PROVIDE (__init_array_start, .)
 *(SORT(.init_array.*) SORT(.ctors.*))
 *(.init_array EXCLUDE_FILE(*crtend?.o *crtend.o *crtbegin?.o *crtbegin.o) .ctors)
                0x0000000000012000                PROVIDE (__init_array_end, .)

.fini_array     0x0000000000012000        0x0
                0x0000000000012000                PROVIDE (__fini_array_start, .)
 *(SORT(.fini_array.*) SORT(.dtors.*))
 *(.fini_array EXCLUDE_FILE(*crtend?.o *crtend.o *crtbegin?.o *crtbegin.o) .dtors)
                0x0000000000012000                PROVIDE (__fini_array_end, .)

.ctors
 *crtbegin.o(.ctors)
 *crtbegin?.o(.ctors)
 *(EXCLUDE_FILE(*crtend?.o *crtend.o) .ctors)
 *(SORT(.ctors.*))
 *(.ctors)

.dtors
 *crtbegin.o(.dtors)
 *crtbegin?.o(.dtors)
 *(EXCLUDE_FILE(*crtend?.o *crtend.o) .dtors)
 *(SORT(.dtors.*))
 *(.dtors)

.jcr
 *(.jcr)

.data.rel.ro
 *(.data.rel.ro.local* .gnu.linkonce.d.rel.ro.local.*)
 *(.data.rel.ro .data.rel.ro.* .gnu.linkonce.d.rel.ro.*)

.dynamic
 *(.dynamic)

.got
 *(.got)
 *(.igot)
                0x0000000000012000                . = DATA_SEGMENT_RELRO_END (., (SIZEOF (.got.plt) >= 0xc)?0xc:0x0)

.got.plt        0x0000000000012000        0x0
 *(.got.plt)
 *(.igot.plt)
 .igot.plt      0x0000000000000000        0x0 kernel/kernel.o

.data           0x0000000000012000      0x7a0
 *(.data .data.* .gnu.linkonce.d.*)
 .data          0x0000000000012000        0x2 kernel/kernel.o
 .data          0x0000000000012002        0x0 kernel/start.o
 *fill*         0x0000000000012002        0x2 
 .data          0x0000000000012004        0x8 kernel/main.o
 .data          0x000000000001200c        0x0 kernel/clock.o
 *fill*         0x000000000001200c       0x14 
 .data          0x0000000000012020      0x600 kernel/keyboard.o
                0x0000000000012020                keymap
 .data          0x0000000000012620       0x22 kernel/tty.o
 .data          0x0000000000012642        0x0 kernel/console.o
 .data          0x0000000000012642        0x0 kernel/i8259.o
 *fill*         0x0000000000012642       0x1e 
 .data          0x0000000000012660      0x140 kernel/global.o
                0x0000000000012660                task_table
                0x0000000000012700                user_proc_table
                0x0000000000012778                sys_call_table
                0x0000000000012784                dd_map
                0x000000000001279c                fsbuf
 .data          0x00000000000127a0        0x0 kernel/protect.o
 .data          0x00000000000127a0        0x0 kernel/proc.o
 .data          0x00000000000127a0        0x0 kernel/systask.o
 .data          0x00000000000127a0        0x0 kernel/hd.o
 .data          0x00000000000127a0        0x0 lib/printf.o
 .data          0x00000000000127a0        0x0 lib/vsprintf.o
 .data          0x00000000000127a0        0x0 lib/klib.o
 .data          0x00000000000127a0        0x0 lib/misc.o
 .data          0x00000000000127a0        0x0 lib/open.o
 .data          0x00000000000127a0        0x0 lib/read.o
 .data          0x00000000000127a0        0x0 lib/write.o
 .data          0x00000000000127a0        0x0 lib/close.o
 .data          0x00000000000127a0        0x0 lib/unlink.o
 .data          0x00000000000127a0        0x0 lib/getpid.o
 .data          0x00000000000127a0        0x0 lib/syslog.o
 .data          0x00000000000127a0        0x0 fs/main.o
 .data          0x00000000000127a0        0x0 fs/open.o
 .data          0x00000000000127a0        0x0 fs/misc.o
 .data          0x00000000000127a0        0x0 fs/read_write.o
 .data          0x00000000000127a0        0x0 fs/link.o
 .data          0x00000000000127a0        0x0 fs/disklog.o

.data1
 *(.data1)
                0x00000000000127a0                _edata = .
                0x00000000000127a0                PROVIDE (edata, .)
                0x00000000000127a0                . = .
                0x00000000000127a0                __bss_start = .

.bss            0x00000000000127a0    0x3c710
 *(.dynbss)
 *(.bss .bss.* .gnu.linkonce.b.*)
 .bss           0x00000000000127a0      0x800 kernel/kernel.o
 .bss           0x0000000000012fa0        0x0 kernel/start.o
 .bss           0x0000000000012fa0       0xb4 kernel/main.o
                0x0000000000012fa0                chsman
                0x0000000000012fc4                stepFlg
 .bss           0x0000000000013054        0x0 kernel/clock.o
 *fill*         0x0000000000013054        0xc 
 .bss           0x0000000000013060       0x58 kernel/keyboard.o
 .bss           0x00000000000130b8        0x0 kernel/tty.o
 .bss           0x00000000000130b8        0x0 kernel/console.o
 .bss           0x00000000000130b8        0x0 kernel/i8259.o
 .bss           0x00000000000130b8        0x0 kernel/global.o
 .bss           0x00000000000130b8        0x0 kernel/protect.o
 .bss           0x00000000000130b8        0x0 kernel/proc.o
 .bss           0x00000000000130b8        0x0 kernel/systask.o
 *fill*         0x00000000000130b8        0x8 
 .bss           0x00000000000130c0      0x64c kernel/hd.o
 .bss           0x000000000001370c        0x0 lib/printf.o
 .bss           0x000000000001370c        0x0 lib/vsprintf.o
 .bss           0x000000000001370c        0x0 lib/klib.o
 .bss           0x000000000001370c        0x0 lib/misc.o
 .bss           0x000000000001370c        0x0 lib/open.o
 .bss           0x000000000001370c        0x0 lib/read.o
 .bss           0x000000000001370c        0x0 lib/write.o
 .bss           0x000000000001370c        0x0 lib/close.o
 .bss           0x000000000001370c        0x0 lib/unlink.o
 .bss           0x000000000001370c        0x0 lib/getpid.o
 .bss           0x000000000001370c        0x0 lib/syslog.o
 .bss           0x000000000001370c        0x0 fs/main.o
 .bss           0x000000000001370c        0x0 fs/open.o
 .bss           0x000000000001370c        0x0 fs/misc.o
 .bss           0x000000000001370c        0x0 fs/read_write.o
 .bss           0x000000000001370c        0x0 fs/link.o
 *fill*         0x000000000001370c       0x14 
 .bss           0x0000000000013720      0x208 fs/disklog.o
 *(COMMON)
 *fill*         0x0000000000013928       0x18 
 COMMON         0x0000000000013940    0x3b55e kernel/global.o
                0x0000000000013940                idt_ptr
                0x0000000000013960                inode_table
                0x0000000000014460                task_stack
                0x000000000004c460                k_reenter
                0x000000000004c480                gdt
                0x000000000004c880                current_console
                0x000000000004c884                pcaller
                0x000000000004c8a0                tty_table
                0x000000000004d520                tss
                0x000000000004d5a0                fs_msg
                0x000000000004d5e0                f_desc_table
                0x000000000004d8e0                root_inode
                0x000000000004d8e4                disp_pos
                0x000000000004d8e8                key_pressed
                0x000000000004d8ec                gdt_ptr
                0x000000000004d900                idt
                0x000000000004e100                super_block
                0x000000000004e2e0                ticks
                0x000000000004e300                console_table
                0x000000000004e340                irq_table
                0x000000000004e380                p_proc_ready
                0x000000000004e3a0                proc_table
 COMMON         0x000000000004ee9e       0x10 kernel/hd.o
                0x000000000004ee9e                PARTITION_ENTRY
                0x000000000004eeb0                . = ALIGN ((. != 0x0)?0x4:0x1)
 *fill*         0x000000000004eeae        0x2 
                0x000000000004eeb0                . = ALIGN (0x4)
                0x000000000004eeb0                . = SEGMENT_START ("ldata-segment", .)
                0x000000000004eeb0                . = ALIGN (0x4)
                0x000000000004eeb0                _end = .
                0x000000000004eeb0                PROVIDE (end, .)
                0x000000000004eeb0                . = DATA_SEGMENT_END (.)

.stab
 *(.stab)

.stabstr
 *(.stabstr)

.stab.excl
 *(.stab.excl)

.stab.exclstr
 *(.stab.exclstr)

.stab.index
 *(.stab.index)

.stab.indexstr
 *(.stab.indexstr)

.comment        0x0000000000000000       0x29
 *(.comment)
 .comment       0x0000000000000000       0x29 kernel/start.o
                                         0x2a (size before relaxing)
 .comment       0x0000000000000000       0x2a kernel/main.o
 .comment       0x0000000000000000       0x2a kernel/clock.o
 .comment       0x0000000000000000       0x2a kernel/keyboard.o
 .comment       0x0000000000000000       0x2a kernel/tty.o
 .comment       0x0000000000000000       0x2a kernel/console.o
 .comment       0x0000000000000000       0x2a kernel/i8259.o
 .comment       0x0000000000000000       0x2a kernel/global.o
 .comment       0x0000000000000000       0x2a kernel/protect.o
 .comment       0x0000000000000000       0x2a kernel/proc.o
 .comment       0x0000000000000000       0x2a kernel/systask.o
 .comment       0x0000000000000000       0x2a kernel/hd.o
 .comment       0x0000000000000000       0x2a lib/printf.o
 .comment       0x0000000000000000       0x2a lib/vsprintf.o
 .comment       0x0000000000000000       0x2a lib/klib.o
 .comment       0x0000000000000000       0x2a lib/misc.o
 .comment       0x0000000000000000       0x2a lib/open.o
 .comment       0x0000000000000000       0x2a lib/read.o
 .comment       0x0000000000000000       0x2a lib/write.o
 .comment       0x0000000000000000       0x2a lib/close.o
 .comment       0x0000000000000000       0x2a lib/unlink.o
 .comment       0x0000000000000000       0x2a lib/getpid.o
 .comment       0x0000000000000000       0x2a lib/syslog.o
 .comment       0x0000000000000000       0x2a fs/main.o
 .comment       0x0000000000000000       0x2a fs/open.o
 .comment       0x0000000000000000       0x2a fs/misc.o
 .comment       0x0000000000000000       0x2a fs/read_write.o
 .comment       0x0000000000000000       0x2a fs/link.o
 .comment       0x0000000000000000       0x2a fs/disklog.o

.debug
 *(.debug)

.line
 *(.line)

.debug_srcinfo
 *(.debug_srcinfo)

.debug_sfnames
 *(.debug_sfnames)

.debug_aranges
 *(.debug_aranges)

.debug_pubnames
 *(.debug_pubnames)

.debug_info
 *(.debug_info .gnu.linkonce.wi.*)

.debug_abbrev
 *(.debug_abbrev)

.debug_line
 *(.debug_line .debug_line.* .debug_line_end)

.debug_frame
 *(.debug_frame)

.debug_str
 *(.debug_str)

.debug_loc
 *(.debug_loc)

.debug_macinfo
 *(.debug_macinfo)

.debug_weaknames
 *(.debug_weaknames)

.debug_funcnames
 *(.debug_funcnames)

.debug_typenames
 *(.debug_typenames)

.debug_varnames
 *(.debug_varnames)

.debug_pubtypes
 *(.debug_pubtypes)

.debug_ranges
 *(.debug_ranges)

.debug_macro
 *(.debug_macro)

.gnu.attributes
 *(.gnu.attributes)

/DISCARD/
 *(.note.GNU-stack)
 *(.gnu_debuglink)
 *(.gnu.lto_*)
OUTPUT(kernel.bin elf32-i386)
